using released ACT N_L: N(100)=9.682e-08 vs white 2.095e-07
{
 "40": {
  "klkl": 6.02775174702253e-08,
  "klkc": 9.100278652608997e-08,
  "kckc": 2.1600406694617856e-07,
  "dd": 2.551815005078763e-07,
  "dkc": 7.47413357323157e-08,
  "dkl": 1.963213608498735e-09,
  "beta": 0.08359235710068703,
  "r2_qk": 0.028475441915889403,
  "r_lc": 0.797528199105565,
  "resp_over_lens": 0.8213082102808774,
  "dbeta_over_beta": 0.1717404155338058,
  "shot_q": 1.2184696791468343e-05,
  "beta2_shot": 8.514278846358127e-08
 },
 "100": {
  "klkl": 2.7802136582988965e-08,
  "klkc": 4.570776170827647e-08,
  "kckc": 1.587045301021129e-07,
  "dd": 2.5286715945272707e-07,
  "dkc": 7.435683767054241e-08,
  "dkl": 1.8471257872696014e-09,
  "beta": 0.08392811572672056,
  "r2_qk": 0.03301632226635716,
  "r_lc": 0.6881073654460598,
  "resp_over_lens": 1.6267879872375888,
  "dbeta_over_beta": 0.08572839946465288,
  "shot_q": 1.2184696791468343e-05,
  "beta2_shot": 8.582813432674881e-08
 },
 "300": {
  "klkl": 7.03795028991133e-09,
  "klkc": 1.2166100115060573e-08,
  "kckc": 5.78895835691906e-08,
  "dd": 1.0100276214185506e-07,
  "dkc": 2.979045257674521e-08,
  "dkl": 7.069588080891411e-10,
  "beta": 0.08418636650263729,
  "r2_qk": 0.015667070182721395,
  "r_lc": 0.6027373102529802,
  "resp_over_lens": 2.448644372066873,
  "dbeta_over_beta": 0.0563414903922421,
  "shot_q": 1.2184696791468343e-05,
  "beta2_shot": 8.635714141214594e-08
 }
}
{'neff': 22.0, 'pn': 0.0, 'sigma_ln': 0.0, 'N100': 0.0, 'Nbh100': 0.0, 'Nbg100': 0.0, 'Rka100': 0.971, 'bias_over_signal100': 1.58, 'snr_naive_ACT': 4.649, 'snr_bh_slice_ACT': 2.911, 'snr_bh_global_ACT': 3.23, 'snr_deproj_ACT': 4.026, 'snr_matched_ACT': 4.091, 'snr_resp_ACT': 7.926, 'snrnaive_ACT_L40_300': 3.945, 'snrdeproj_ACT_L40_300': 3.411, 'snrmatched_ACT_L40_300': 3.465, 'snrresp_ACT_L40_300': 6.499, 'snr_naive_Planck': 4.226, 'snr_bh_slice_Planck': 2.599, 'snr_bh_global_Planck': 2.893, 'snr_deproj_Planck': 3.811, 'snr_matched_Planck': 3.892, 'snr_resp_Planck': 7.606, 'snrnaive_Planck_L40_300': 3.466, 'snrdeproj_Planck_L40_300': 3.141, 'snrmatched_Planck_L40_300': 3.207, 'snrresp_Planck_L40_300': 5.82}
{'neff': 22.0, 'pn': 0.17, 'sigma_ln': 0.0, 'N100': 0.0, 'Nbh100': 0.0, 'Nbg100': 0.0, 'Rka100': 0.972, 'bias_over_signal100': 1.582, 'snr_naive_ACT': 2.865, 'snr_bh_slice_ACT': 1.846, 'snr_bh_global_ACT': 1.985, 'snr_deproj_ACT': 2.481, 'snr_matched_ACT': 2.521, 'snr_resp_ACT': 4.851, 'snrnaive_ACT_L40_300': 2.443, 'snrdeproj_ACT_L40_300': 2.113, 'snrmatched_ACT_L40_300': 2.146, 'snrresp_ACT_L40_300': 4.017, 'snr_naive_Planck': 2.594, 'snr_bh_slice_Planck': 1.649, 'snr_bh_global_Planck': 1.778, 'snr_deproj_Planck': 2.341, 'snr_matched_Planck': 2.39, 'snr_resp_Planck': 4.636, 'snrnaive_Planck_L40_300': 2.144, 'snrdeproj_Planck_L40_300': 1.944, 'snrmatched_Planck_L40_300': 1.984, 'snrresp_Planck_L40_300': 3.592}
{'neff': 22.0, 'pn': 0.33, 'sigma_ln': 0.0, 'N100': 0.0, 'Nbh100': 0.0, 'Nbg100': 0.0, 'Rka100': 0.979, 'bias_over_signal100': 1.593, 'snr_naive_ACT': 2.143, 'snr_bh_slice_ACT': 1.387, 'snr_bh_global_ACT': 1.474, 'snr_deproj_ACT': 1.856, 'snr_matched_ACT': 1.886, 'snr_resp_ACT': 3.63, 'snrnaive_ACT_L40_300': 1.832, 'snrdeproj_ACT_L40_300': 1.584, 'snrmatched_ACT_L40_300': 1.609, 'snrresp_ACT_L40_300': 3.025, 'snr_naive_Planck': 1.937, 'snr_bh_slice_Planck': 1.238, 'snr_bh_global_Planck': 1.32, 'snr_deproj_Planck': 1.748, 'snr_matched_Planck': 1.785, 'snr_resp_Planck': 3.46, 'snrnaive_Planck_L40_300': 1.607, 'snrdeproj_Planck_L40_300': 1.457, 'snrmatched_Planck_L40_300': 1.487, 'snrresp_Planck_L40_300': 2.703}
{'neff': 50.0, 'pn': 0.0, 'sigma_ln': 0.0, 'N100': 0.0, 'Nbh100': 0.0, 'Nbg100': 0.0, 'Rka100': 0.9, 'bias_over_signal100': 1.463, 'snr_naive_ACT': 8.82, 'snr_bh_slice_ACT': 6.413, 'snr_bh_global_ACT': 7.114, 'snr_deproj_ACT': 7.544, 'snr_matched_ACT': 7.668, 'snr_resp_ACT': 14.421, 'snrnaive_ACT_L40_300': 7.216, 'snrdeproj_ACT_L40_300': 6.24, 'snrmatched_ACT_L40_300': 6.338, 'snrresp_ACT_L40_300': 11.119, 'snr_naive_Planck': 8.067, 'snr_bh_slice_Planck': 5.804, 'snr_bh_global_Planck': 6.46, 'snr_deproj_Planck': 7.251, 'snr_matched_Planck': 7.406, 'snr_resp_Planck': 14.008, 'snrnaive_Planck_L40_300': 6.367, 'snrdeproj_Planck_L40_300': 5.767, 'snrmatched_Planck_L40_300': 5.887, 'snrresp_Planck_L40_300': 10.008}
{'neff': 50.0, 'pn': 0.17, 'sigma_ln': 0.0, 'N100': 0.0, 'Nbh100': 0.0, 'Nbg100': 0.0, 'Rka100': 0.883, 'bias_over_signal100': 1.437, 'snr_naive_ACT': 5.721, 'snr_bh_slice_ACT': 4.168, 'snr_bh_global_ACT': 4.466, 'snr_deproj_ACT': 4.916, 'snr_matched_ACT': 4.996, 'snr_resp_ACT': 9.04, 'snrnaive_ACT_L40_300': 4.76, 'snrdeproj_ACT_L40_300': 4.117, 'snrmatched_ACT_L40_300': 4.182, 'snrresp_ACT_L40_300': 7.149, 'snr_naive_Planck': 5.206, 'snr_bh_slice_Planck': 3.766, 'snr_bh_global_Planck': 4.047, 'snr_deproj_Planck': 4.687, 'snr_matched_Planck': 4.787, 'snr_resp_Planck': 8.731, 'snrnaive_Planck_L40_300': 4.187, 'snrdeproj_Planck_L40_300': 3.794, 'snrmatched_Planck_L40_300': 3.873, 'snrresp_Planck_L40_300': 6.409}
{'neff': 50.0, 'pn': 0.33, 'sigma_ln': 0.0, 'N100': 0.0, 'Nbh100': 0.0, 'Nbg100': 0.0, 'Rka100': 0.889, 'bias_over_signal100': 1.446, 'snr_naive_ACT': 4.386, 'snr_bh_slice_ACT': 3.181, 'snr_bh_global_ACT': 3.367, 'snr_deproj_ACT': 3.774, 'snr_matched_ACT': 3.836, 'snr_resp_ACT': 6.91, 'snrnaive_ACT_L40_300': 3.671, 'snrdeproj_ACT_L40_300': 3.174, 'snrmatched_ACT_L40_300': 3.224, 'snrresp_ACT_L40_300': 5.531, 'snr_naive_Planck': 3.983, 'snr_bh_slice_Planck': 2.872, 'snr_bh_global_Planck': 3.049, 'snr_deproj_Planck': 3.588, 'snr_matched_Planck': 3.664, 'snr_resp_Planck': 6.653, 'snrnaive_Planck_L40_300': 3.225, 'snrdeproj_Planck_L40_300': 2.923, 'snrmatched_Planck_L40_300': 2.984, 'snrresp_Planck_L40_300': 4.951}
{'neff': 100.0, 'pn': 0.0, 'sigma_ln': 0.0, 'N100': 0.0, 'Nbh100': 0.0, 'Nbg100': 0.0, 'Rka100': 0.844, 'bias_over_signal100': 1.373, 'snr_naive_ACT': 17.361, 'snr_bh_slice_ACT': 11.73, 'snr_bh_global_ACT': 12.94, 'snr_deproj_ACT': 11.581, 'snr_matched_ACT': 11.776, 'snr_resp_ACT': 27.019, 'snrnaive_ACT_L40_300': 10.591, 'snrdeproj_ACT_L40_300': 9.156, 'snrmatched_ACT_L40_300': 9.302, 'snrresp_ACT_L40_300': 15.52, 'snr_naive_Planck': 12.588, 'snr_bh_slice_Planck': 10.732, 'snr_bh_global_Planck': 11.884, 'snr_deproj_Planck': 11.268, 'snr_matched_Planck': 11.511, 'snr_resp_Planck': 21.275, 'snrnaive_Planck_L40_300': 9.399, 'snrdeproj_Planck_L40_300': 8.505, 'snrmatched_Planck_L40_300': 8.682, 'snrresp_Planck_L40_300': 14.062}
{'neff': 100.0, 'pn': 0.17, 'sigma_ln': 0.0, 'N100': 0.0, 'Nbh100': 0.0, 'Nbg100': 0.0, 'Rka100': 0.806, 'bias_over_signal100': 1.312, 'snr_naive_ACT': 11.051, 'snr_bh_slice_ACT': 7.784, 'snr_bh_global_ACT': 8.314, 'snr_deproj_ACT': 8.137, 'snr_matched_ACT': 8.271, 'snr_resp_ACT': 16.513, 'snrnaive_ACT_L40_300': 7.696, 'snrdeproj_ACT_L40_300': 6.656, 'snrmatched_ACT_L40_300': 6.761, 'snrresp_ACT_L40_300': 10.637, 'snr_naive_Planck': 8.704, 'snr_bh_slice_Planck': 7.092, 'snr_bh_global_Planck': 7.592, 'snr_deproj_Planck': 7.818, 'snr_matched_Planck': 7.985, 'snr_resp_Planck': 13.675, 'snrnaive_Planck_L40_300': 6.794, 'snrdeproj_Planck_L40_300': 6.153, 'snrmatched_Planck_L40_300': 6.281, 'snrresp_Planck_L40_300': 9.571}
{'neff': 100.0, 'pn': 0.33, 'sigma_ln': 0.0, 'N100': 0.0, 'Nbh100': 0.0, 'Nbg100': 0.0, 'Rka100': 0.809, 'bias_over_signal100': 1.317, 'snr_naive_ACT': 8.489, 'snr_bh_slice_ACT': 6.02, 'snr_bh_global_ACT': 6.357, 'snr_deproj_ACT': 6.448, 'snr_matched_ACT': 6.554, 'snr_resp_ACT': 12.582, 'snrnaive_ACT_L40_300': 6.156, 'snrdeproj_ACT_L40_300': 5.323, 'snrmatched_ACT_L40_300': 5.407, 'snrresp_ACT_L40_300': 8.492, 'snr_naive_Planck': 6.86, 'snr_bh_slice_Planck': 5.476, 'snr_bh_global_Planck': 5.794, 'snr_deproj_Planck': 6.167, 'snr_matched_Planck': 6.299, 'snr_resp_Planck': 10.651, 'snrnaive_Planck_L40_300': 5.423, 'snrdeproj_Planck_L40_300': 4.913, 'snrmatched_Planck_L40_300': 5.015, 'snrresp_Planck_L40_300': 7.622}
{'neff': 22.0, 'pn': 0.33, 'sigma_ln': 1.0, 'N100': 0.0, 'Nbh100': 0.0, 'Nbg100': 0.0, 'Rka100': 0.98, 'bias_over_signal100': 1.594, 'snr_naive_ACT': 2.26, 'snr_bh_slice_ACT': 1.454, 'snr_bh_global_ACT': 1.551, 'snr_deproj_ACT': 1.958, 'snr_matched_ACT': 1.989, 'snr_resp_ACT': 3.832, 'snrnaive_ACT_L40_300': 1.931, 'snrdeproj_ACT_L40_300': 1.67, 'snrmatched_ACT_L40_300': 1.696, 'snrresp_ACT_L40_300': 3.192, 'snr_naive_Planck': 2.043, 'snr_bh_slice_Planck': 1.298, 'snr_bh_global_Planck': 1.389, 'snr_deproj_Planck': 1.845, 'snr_matched_Planck': 1.884, 'snr_resp_Planck': 3.654, 'snrnaive_Planck_L40_300': 1.694, 'snrdeproj_Planck_L40_300': 1.536, 'snrmatched_Planck_L40_300': 1.568, 'snrresp_Planck_L40_300': 2.852}
{'neff': 22.0, 'pn': 0.33, 'sigma_ln': 2.0, 'N100': 0.0, 'Nbh100': 0.0, 'Nbg100': 0.0, 'Rka100': 0.981, 'bias_over_signal100': 1.595, 'snr_naive_ACT': 2.415, 'snr_bh_slice_ACT': 1.542, 'snr_bh_global_ACT': 1.652, 'snr_deproj_ACT': 2.092, 'snr_matched_ACT': 2.125, 'snr_resp_ACT': 4.1, 'snrnaive_ACT_L40_300': 2.062, 'snrdeproj_ACT_L40_300': 1.784, 'snrmatched_ACT_L40_300': 1.812, 'snrresp_ACT_L40_300': 3.413, 'snr_naive_Planck': 2.184, 'snr_bh_slice_Planck': 1.376, 'snr_bh_global_Planck': 1.479, 'snr_deproj_Planck': 1.972, 'snr_matched_Planck': 2.013, 'snr_resp_Planck': 3.91, 'snrnaive_Planck_L40_300': 1.809, 'snrdeproj_Planck_L40_300': 1.64, 'snrmatched_Planck_L40_300': 1.675, 'snrresp_Planck_L40_300': 3.049}
{'neff': 50.0, 'pn': 0.33, 'sigma_ln': 1.0, 'N100': 0.0, 'Nbh100': 0.0, 'Nbg100': 0.0, 'Rka100': 0.892, 'bias_over_signal100': 1.452, 'snr_naive_ACT': 4.623, 'snr_bh_slice_ACT': 3.333, 'snr_bh_global_ACT': 3.542, 'snr_deproj_ACT': 3.977, 'snr_matched_ACT': 4.041, 'snr_resp_ACT': 7.313, 'snrnaive_ACT_L40_300': 3.864, 'snrdeproj_ACT_L40_300': 3.341, 'snrmatched_ACT_L40_300': 3.394, 'snrresp_ACT_L40_300': 5.845, 'snr_naive_Planck': 4.199, 'snr_bh_slice_Planck': 3.01, 'snr_bh_global_Planck': 3.208, 'snr_deproj_Planck': 3.782, 'snr_matched_Planck': 3.863, 'snr_resp_Planck': 7.043, 'snrnaive_Planck_L40_300': 3.396, 'snrdeproj_Planck_L40_300': 3.078, 'snrmatched_Planck_L40_300': 3.142, 'snrresp_Planck_L40_300': 5.234}
{'neff': 50.0, 'pn': 0.33, 'sigma_ln': 2.0, 'N100': 0.0, 'Nbh100': 0.0, 'Nbg100': 0.0, 'Rka100': 0.897, 'bias_over_signal100': 1.46, 'snr_naive_ACT': 4.936, 'snr_bh_slice_ACT': 3.529, 'snr_bh_global_ACT': 3.771, 'snr_deproj_ACT': 4.244, 'snr_matched_ACT': 4.313, 'snr_resp_ACT': 7.855, 'snrnaive_ACT_L40_300': 4.12, 'snrdeproj_ACT_L40_300': 3.562, 'snrmatched_ACT_L40_300': 3.619, 'snrresp_ACT_L40_300': 6.267, 'snr_naive_Planck': 4.486, 'snr_bh_slice_Planck': 3.187, 'snr_bh_global_Planck': 3.416, 'snr_deproj_Planck': 4.04, 'snr_matched_Planck': 4.126, 'snr_resp_Planck': 7.567, 'snrnaive_Planck_L40_300': 3.621, 'snrdeproj_Planck_L40_300': 3.282, 'snrmatched_Planck_L40_300': 3.35, 'snrresp_Planck_L40_300': 5.613}
{'neff': 'DR1', 'pn': 0.0, 'sigma_ln': 0.0, 'N100': 0.0, 'Nbh100': 0.0, 'Nbg100': 0.0, 'Rka100': 1.034, 'bias_over_signal100': 1.683, 'snr_naive_ACT': 1.337, 'snr_bh_slice_ACT': 0.776, 'snr_bh_global_ACT': 0.833, 'snr_deproj_ACT': 1.159, 'snr_matched_ACT': 1.177, 'snr_resp_ACT': 2.339, 'snrnaive_ACT_L40_300': 1.154, 'snrdeproj_ACT_L40_300': 0.999, 'snrmatched_ACT_L40_300': 1.014, 'snrresp_ACT_L40_300': 2.008, 'snr_naive_Planck': 1.2, 'snr_bh_slice_Planck': 0.687, 'snr_bh_global_Planck': 0.74, 'snr_deproj_Planck': 1.085, 'snr_matched_Planck': 1.108, 'snr_resp_Planck': 2.201, 'snrnaive_Planck_L40_300': 1.012, 'snrdeproj_Planck_L40_300': 0.917, 'snrmatched_Planck_L40_300': 0.936, 'snrresp_Planck_L40_300': 1.792}
