0 0s
200 12s
400 30s
600 45s
800 53s
1000 65s
bad files: []
forests 428403
{
 "n_files": 1028,
 "n_bad": 0,
 "n_forests": 428403,
 "area_deg2_nside64": 11043.425783688532,
 "z_quasar_pct": [
  2.1245869104473902,
  2.271470007197699,
  2.484750032460645,
  2.810359864328513,
  3.3869803608810867
 ],
 "zmin_forest_pct": [
  1.961329966191483,
  1.9850206059210191,
  2.7549663971309792
 ],
 "zmax_forest_pct": [
  2.09623499798468,
  2.452252667253562,
  3.345850436385166
 ],
 "npix_pct": [
  197.0,
  642.0,
  872.0
 ],
 "meansnr_pct": [
  0.1809365500708885,
  0.4797511106321989,
  1.0231656443207082,
  2.260317935474692,
  6.762110082490388
 ],
 "PN_pct": [
  0.011717061981112968,
  0.10695264006681518,
  0.5354841343903552,
  2.5185749539233653,
  18.203775790096948
 ],
 "PN_median": 0.5354841343903552,
 "lnPN_std": 2.2486198546223015,
 "harmonic_mean_ratio_k0p1": {
  "0.1": 1.8093235462935793,
  "0.19": 1.388181392085378
 },
 "rms_delta_pct": [
  0.35196603424128375,
  1.2274024171503959,
  8.451291099288294
 ]
}
saved
